
> react-kavia@0.1.0 start
> cross-env EDIT_MODE=true webpack serve --config .ve/webpack.config.js --mode development

<i> [webpack-dev-server] Project is running at:
<i> [webpack-dev-server] Loopback: http://localhost:3000/, http://[::1]:3000/
<i> [webpack-dev-server] On Your Network (IPv4): http://172.17.0.2:3000/
<i> [webpack-dev-server] Content not from webpack is served from './public' directory
Injecting EditorRootWrapper import: ../.ve/EditorRootWrapper
asset bundle.js 1.39 MiB [emitted] (name: main)
asset index.html 1.98 KiB [emitted]
runtime modules 27.5 KiB 14 modules
modules by path ./node_modules/ 1.24 MiB 31 modules
modules by path ./src/ 10.2 KiB
  modules by path ./src/*.css 7.49 KiB 4 modules
  modules by path ./src/*.js 2.75 KiB
    ./src/index.js 530 bytes [built] [code generated]
    ./src/App.js 2.23 KiB [built] [code generated]
modules by path ./.ve/ 15.1 KiB
  modules by path ./.ve/*.js 10.6 KiB 2 modules
  modules by path ./.ve/*.css 2.93 KiB
    ./.ve/EditorOverlay.css 2.25 KiB [built] [code generated]
    ./node_modules/css-loader/dist/cjs.js!./.ve/EditorOverlay.css 697 bytes [built] [code generated]
  ./.ve/EditorOverlay.jsx 1.58 KiB [built] [code generated]
webpack 5.99.9 compiled successfully in 1188 ms
assets by status 1.98 KiB [cached] 1 asset
assets by path *.js 1.51 MiB
  asset bundle.js 1.45 MiB [emitted] (name: main)
  asset main.2708ad158a6bce2a9610.hot-update.js 63.9 KiB [emitted] [immutable] [hmr] (name: main)
asset main.2708ad158a6bce2a9610.hot-update.json 28 bytes [emitted] [immutable] [hmr]
Entrypoint main 1.51 MiB = bundle.js 1.45 MiB main.2708ad158a6bce2a9610.hot-update.js 63.9 KiB
cached modules 1.26 MiB [cached] 40 modules
runtime modules 27.5 KiB 14 modules
javascript modules 45.3 KiB
  ./src/index.js 530 bytes [code generated]
  ./src/App.js 44.8 KiB [built] [code generated]

ERROR in ./src/App.js 2:0-97
Module not found: Error: Can't resolve 'react-router-dom' in '/home/kavia/workspace/code-generation/shopsync-66195-b05bb3c9/shopsync/src'
resolve 'react-router-dom' in '/home/kavia/workspace/code-generation/shopsync-66195-b05bb3c9/shopsync/src'
  Parsed request is a module
  using description file: /home/kavia/workspace/code-generation/shopsync-66195-b05bb3c9/shopsync/package.json (relative path: ./src)
    Field 'browser' doesn't contain a valid alias configuration
    resolve as module
      /home/kavia/workspace/code-generation/shopsync-66195-b05bb3c9/shopsync/src/node_modules doesn't exist or is not a directory
      looking for modules in /home/kavia/workspace/code-generation/shopsync-66195-b05bb3c9/shopsync/node_modules
        single file module
          using description file: /home/kavia/workspace/code-generation/shopsync-66195-b05bb3c9/shopsync/package.json (relative path: ./node_modules/react-router-dom)
            no extension
              Field 'browser' doesn't contain a valid alias configuration
              /home/kavia/workspace/code-generation/shopsync-66195-b05bb3c9/shopsync/node_modules/react-router-dom doesn't exist
            .js
              Field 'browser' doesn't contain a valid alias configuration
              /home/kavia/workspace/code-generation/shopsync-66195-b05bb3c9/shopsync/node_modules/react-router-dom.js doesn't exist
            .jsx
              Field 'browser' doesn't contain a valid alias configuration
              /home/kavia/workspace/code-generation/shopsync-66195-b05bb3c9/shopsync/node_modules/react-router-dom.jsx doesn't exist
        /home/kavia/workspace/code-generation/shopsync-66195-b05bb3c9/shopsync/node_modules/react-router-dom doesn't exist
      /home/kavia/workspace/code-generation/shopsync-66195-b05bb3c9/node_modules doesn't exist or is not a directory
      /home/kavia/workspace/code-generation/node_modules doesn't exist or is not a directory
      /home/kavia/workspace/node_modules doesn't exist or is not a directory
      /home/kavia/node_modules doesn't exist or is not a directory
      /home/node_modules doesn't exist or is not a directory
      /node_modules doesn't exist or is not a directory
 @ ./src/index.js 5:0-24 11:32-35

webpack 5.99.9 compiled with 1 error in 283 ms
assets by status 1.98 KiB [cached] 1 asset
assets by path *.js 1.46 MiB
  asset bundle.js 1.45 MiB [emitted] (name: main)
  asset main.208f200bd36bd7e95df4.hot-update.js 5.58 KiB [emitted] [immutable] [hmr] (name: main)
asset main.208f200bd36bd7e95df4.hot-update.json 28 bytes [emitted] [immutable] [hmr]
Entrypoint main 1.46 MiB = bundle.js 1.45 MiB main.208f200bd36bd7e95df4.hot-update.js 5.58 KiB
cached modules 1.3 MiB [cached] 41 modules
runtime modules 27.5 KiB 14 modules
./node_modules/css-loader/dist/cjs.js!./src/App.css 3.08 KiB [built] [code generated]

ERROR in ./src/App.js 2:0-97
Module not found: Error: Can't resolve 'react-router-dom' in '/home/kavia/workspace/code-generation/shopsync-66195-b05bb3c9/shopsync/src'
resolve 'react-router-dom' in '/home/kavia/workspace/code-generation/shopsync-66195-b05bb3c9/shopsync/src'
  Parsed request is a module
  using description file: /home/kavia/workspace/code-generation/shopsync-66195-b05bb3c9/shopsync/package.json (relative path: ./src)
    Field 'browser' doesn't contain a valid alias configuration
    resolve as module
      /home/kavia/workspace/code-generation/shopsync-66195-b05bb3c9/shopsync/src/node_modules doesn't exist or is not a directory
      looking for modules in /home/kavia/workspace/code-generation/shopsync-66195-b05bb3c9/shopsync/node_modules
        single file module
          using description file: /home/kavia/workspace/code-generation/shopsync-66195-b05bb3c9/shopsync/package.json (relative path: ./node_modules/react-router-dom)
            no extension
              Field 'browser' doesn't contain a valid alias configuration
              /home/kavia/workspace/code-generation/shopsync-66195-b05bb3c9/shopsync/node_modules/react-router-dom doesn't exist
            .js
              Field 'browser' doesn't contain a valid alias configuration
              /home/kavia/workspace/code-generation/shopsync-66195-b05bb3c9/shopsync/node_modules/react-router-dom.js doesn't exist
            .jsx
              Field 'browser' doesn't contain a valid alias configuration
              /home/kavia/workspace/code-generation/shopsync-66195-b05bb3c9/shopsync/node_modules/react-router-dom.jsx doesn't exist
        /home/kavia/workspace/code-generation/shopsync-66195-b05bb3c9/shopsync/node_modules/react-router-dom doesn't exist
      /home/kavia/workspace/code-generation/shopsync-66195-b05bb3c9/node_modules doesn't exist or is not a directory
      /home/kavia/workspace/code-generation/node_modules doesn't exist or is not a directory
      /home/kavia/workspace/node_modules doesn't exist or is not a directory
      /home/kavia/node_modules doesn't exist or is not a directory
      /home/node_modules doesn't exist or is not a directory
      /node_modules doesn't exist or is not a directory
 @ ./src/index.js 5:0-24 11:32-35

webpack 5.99.9 compiled with 1 error in 52 ms
assets by status 1.45 MiB [cached] 2 assets
cached modules 1.31 MiB (javascript) 27.5 KiB (runtime) [cached] 56 modules

LOG from webpack.FileSystemInfo
<w> Managed item /home/kavia/workspace/code-generation/shopsync-66195-b05bb3c9/shopsync/node_modules/react-router-dom isn't a directory or doesn't contain a package.json (see snapshot.managedPaths option)
+ 13 hidden lines

ERROR in ./src/App.js 2:0-97
Module not found: Error: Can't resolve 'react-router-dom' in '/home/kavia/workspace/code-generation/shopsync-66195-b05bb3c9/shopsync/src'
resolve 'react-router-dom' in '/home/kavia/workspace/code-generation/shopsync-66195-b05bb3c9/shopsync/src'
  Parsed request is a module
  using description file: /home/kavia/workspace/code-generation/shopsync-66195-b05bb3c9/shopsync/package.json (relative path: ./src)
    Field 'browser' doesn't contain a valid alias configuration
    resolve as module
      /home/kavia/workspace/code-generation/shopsync-66195-b05bb3c9/shopsync/src/node_modules doesn't exist or is not a directory
      looking for modules in /home/kavia/workspace/code-generation/shopsync-66195-b05bb3c9/shopsync/node_modules
        single file module
          using description file: /home/kavia/workspace/code-generation/shopsync-66195-b05bb3c9/shopsync/package.json (relative path: ./node_modules/react-router-dom)
            no extension
              Field 'browser' doesn't contain a valid alias configuration
              /home/kavia/workspace/code-generation/shopsync-66195-b05bb3c9/shopsync/node_modules/react-router-dom is not a file
            .js
              Field 'browser' doesn't contain a valid alias configuration
              /home/kavia/workspace/code-generation/shopsync-66195-b05bb3c9/shopsync/node_modules/react-router-dom.js doesn't exist
            .jsx
              Field 'browser' doesn't contain a valid alias configuration
              /home/kavia/workspace/code-generation/shopsync-66195-b05bb3c9/shopsync/node_modules/react-router-dom.jsx doesn't exist
        existing directory /home/kavia/workspace/code-generation/shopsync-66195-b05bb3c9/shopsync/node_modules/react-router-dom
          using description file: /home/kavia/workspace/code-generation/shopsync-66195-b05bb3c9/shopsync/package.json (relative path: ./node_modules/react-router-dom)
            using description file: /home/kavia/workspace/code-generation/shopsync-66195-b05bb3c9/shopsync/package.json (relative path: ./node_modules/react-router-dom)
              no extension
                Field 'browser' doesn't contain a valid alias configuration
                /home/kavia/workspace/code-generation/shopsync-66195-b05bb3c9/shopsync/node_modules/react-router-dom is not a file
              .js
                Field 'browser' doesn't contain a valid alias configuration
                /home/kavia/workspace/code-generation/shopsync-66195-b05bb3c9/shopsync/node_modules/react-router-dom.js doesn't exist
              .jsx
                Field 'browser' doesn't contain a valid alias configuration
                /home/kavia/workspace/code-generation/shopsync-66195-b05bb3c9/shopsync/node_modules/react-router-dom.jsx doesn't exist
              as directory
                existing directory /home/kavia/workspace/code-generation/shopsync-66195-b05bb3c9/shopsync/node_modules/react-router-dom
                  using description file: /home/kavia/workspace/code-generation/shopsync-66195-b05bb3c9/shopsync/package.json (relative path: ./node_modules/react-router-dom)
                    using path: /home/kavia/workspace/code-generation/shopsync-66195-b05bb3c9/shopsync/node_modules/react-router-dom/index
                      using description file: /home/kavia/workspace/code-generation/shopsync-66195-b05bb3c9/shopsync/package.json (relative path: ./node_modules/react-router-dom/index)
                        no extension
                          Field 'browser' doesn't contain a valid alias configuration
                          /home/kavia/workspace/code-generation/shopsync-66195-b05bb3c9/shopsync/node_modules/react-router-dom/index doesn't exist
                        .js
                          Field 'browser' doesn't contain a valid alias configuration
                          /home/kavia/workspace/code-generation/shopsync-66195-b05bb3c9/shopsync/node_modules/react-router-dom/index.js doesn't exist
                        .jsx
                          Field 'browser' doesn't contain a valid alias configuration
                          /home/kavia/workspace/code-generation/shopsync-66195-b05bb3c9/shopsync/node_modules/react-router-dom/index.jsx doesn't exist
      /home/kavia/workspace/code-generation/shopsync-66195-b05bb3c9/node_modules doesn't exist or is not a directory
      /home/kavia/workspace/code-generation/node_modules doesn't exist or is not a directory
      /home/kavia/workspace/node_modules doesn't exist or is not a directory
      /home/kavia/node_modules doesn't exist or is not a directory
      /home/node_modules doesn't exist or is not a directory
      /node_modules doesn't exist or is not a directory
 @ ./src/index.js 5:0-24 11:32-35

webpack 5.99.9 compiled with 1 error in 23 ms
assets by status 1.98 KiB [cached] 1 asset
assets by path *.js 2.18 MiB
  asset bundle.js 1.78 MiB [emitted] (name: main)
  asset main.7a15eb190e0edfb62fd4.hot-update.js 405 KiB [emitted] [immutable] [hmr] (name: main)
asset main.7a15eb190e0edfb62fd4.hot-update.json 28 bytes [emitted] [immutable] [hmr]
Entrypoint main 2.18 MiB = bundle.js 1.78 MiB main.7a15eb190e0edfb62fd4.hot-update.js 405 KiB
cached modules 1.26 MiB [cached] 41 modules
runtime modules 28.7 KiB 15 modules
javascript modules 352 KiB
  ./src/App.js 44.8 KiB [code generated]
  ./node_modules/react-router-dom/dist/index.js 55.4 KiB [built] [code generated]
  ./node_modules/react-router/dist/index.js 59.3 KiB [built] [code generated]
  ./node_modules/@remix-run/router/dist/router.js 193 KiB [built] [code generated]
webpack 5.99.9 compiled successfully in 181 ms
Injecting EditorRootWrapper import: ../.ve/EditorRootWrapper
assets by path *.js 1.78 MiB
  asset bundle.js 1.78 MiB [emitted] (name: main)
  asset main.355a5ee6641b484e6b6c.hot-update.js 854 bytes [emitted] [immutable] [hmr] (name: main)
asset index.html 1.98 KiB [emitted]
asset main.355a5ee6641b484e6b6c.hot-update.json 28 bytes [emitted] [immutable] [hmr]
Entrypoint main 1.78 MiB = bundle.js 1.78 MiB main.355a5ee6641b484e6b6c.hot-update.js 854 bytes
cached modules 1.55 MiB [cached] 40 modules
runtime modules 28.7 KiB 15 modules
javascript modules 57.5 KiB
  modules by path ./.ve/ 12.2 KiB
    ./.ve/EditorRootWrapper.js 2.68 KiB [built]
    ./.ve/EditorOverlay.jsx 1.58 KiB [built]
    ./.ve/SidePanel.js 7.93 KiB [built]
  modules by path ./src/*.js 45.3 KiB
    ./src/index.js 530 bytes [built]
    ./src/App.js 44.8 KiB [built]
webpack 5.99.9 compiled successfully in 224 ms
